---
source: tests/display.rs
description: "=== SOURCE ===\nnew Uint8Array()"
---
new Uint8Array()
