---
source: tests/serde.rs
description: "=== SOURCE ===\n{\"a\": 1, \"b\": 2}"
---
({
  "a": 1,
  "b": 2,
})
