---
source: tests/serde.rs
description: "=== SOURCE ===\nnew Uint8Array([1, 2])"
---
new Uint8Array([
  0x01, 0x02,
])
