---
source: tests/serde.rs
description: "=== SOURCE ===\nnew Set([1])"
---
new Set([
  1,
])
