---
source: tests/serde.rs
description: "=== SOURCE ===\n/🗄️/"
---
=== VALUE ===
HeapReference(*0)

=== HEAP ===
Heap {
    0: RegExp {
        pattern: TwoByte("🗄️"),
        flags: RegExpFlags(
            0x0,
        ),
    },
}

