---
source: tests/serde.rs
description: "=== SOURCE ===\nnew Date(0)"
---
new Date(0)
