---
source: tests/serde.rs
description: "=== SOURCE ===\nnew Uint16Array()"
---
new Uint16Array()
