---
source: tests/serde.rs
description: "=== SOURCE ===\n{[1]: 3}"
---
({
  [1]: 3,
})
