---
source: tests/serde.rs
description: "=== SOURCE ===\n[1, \"asd\"]"
---
[
  1,
  "asd",
]
