---
source: tests/serde.rs
description: "=== SOURCE ===\nnew Uint32Array([1, 2])"
---
new Uint32Array([
  0x01, 0x02,
])
